
******** Content/Office_Pack_Vol_1/Models/SM_Bar_1.uasset ********

Mesh SM_Bar_1 has 0 lods

******** Content/Office_Pack_Vol_1/Models/SM_Bar_2.uasset ********

Mesh SM_Bar_2 has 0 lods

******** Content/Office_Pack_Vol_1/Models/SM_Bench_1.uasset ********

Mesh SM_Bench_1 has 0 lods

******** Content/Office_Pack_Vol_1/Models/SM_Cabin_1.uasset ********

Mesh SM_Cabin_1 has 0 lods

******** Content/Office_Pack_Vol_1/Models/SM_Cabin_Door_1.uasset ********

Mesh SM_Cabin_Door_1 has 0 lods

******** Content/Office_Pack_Vol_1/Models/SM_Cabinet_1.uasset ********

Mesh SM_Cabinet_1 has 0 lods

******** Content/Office_Pack_Vol_1/Models/SM_Cabinet_2.uasset ********

Mesh SM_Cabinet_2 has 0 lods

******** Content/Office_Pack_Vol_1/Models/SM_Chair_1.uasset ********

Mesh SM_Chair_1 has 0 lods

******** Content/Office_Pack_Vol_1/Models/SM_Counter_1.uasset ********

Mesh SM_Counter_1 has 0 lods

******** Content/Office_Pack_Vol_1/Models/SM_Decoration_1.uasset ********

Mesh SM_Decoration_1 has 0 lods

******** Content/Office_Pack_Vol_1/Models/SM_Decoration_2.uasset ********

Mesh SM_Decoration_2 has 0 lods

******** Content/Office_Pack_Vol_1/Models/SM_Decoration_3.uasset ********

Mesh SM_Decoration_3 has 0 lods

******** Content/Office_Pack_Vol_1/Models/SM_Door_1_A.uasset ********

Mesh SM_Door_1_A has 0 lods

******** Content/Office_Pack_Vol_1/Models/SM_Door_Frame_1.uasset ********

Mesh SM_Door_Frame_1 has 0 lods

******** Content/Office_Pack_Vol_1/Models/SM_Elevator_1.uasset ********

Mesh SM_Elevator_1 has 0 lods

******** Content/Office_Pack_Vol_1/Models/SM_Floor_1.uasset ********

Mesh SM_Floor_1 has 0 lods

******** Content/Office_Pack_Vol_1/Models/SM_Bar_1.uasset ********

Mesh SM_Bar_1 has 0 lods

******** Content/Office_Pack_Vol_1/Models/SM_Bar_2.uasset ********

Mesh SM_Bar_2 has 0 lods

******** Content/Office_Pack_Vol_1/Models/SM_Floor_2.uasset ********

Mesh SM_Floor_2 has 0 lods

******** Content/Office_Pack_Vol_1/Models/SM_Bench_1.uasset ********

Mesh SM_Bench_1 has 0 lods

******** Content/Office_Pack_Vol_1/Models/SM_Cabin_1.uasset ********

Mesh SM_Cabin_1 has 0 lods

******** Content/Office_Pack_Vol_1/Models/SM_Monitor_1.uasset ********

Mesh SM_Monitor_1 has 0 lods

******** Content/Office_Pack_Vol_1/Models/SM_Cabin_Door_1.uasset ********

Mesh SM_Cabin_Door_1 has 0 lods

******** Content/Office_Pack_Vol_1/Models/SM_Pen_1.uasset ********

Mesh SM_Pen_1 has 0 lods

******** Content/Office_Pack_Vol_1/Models/SM_Cabinet_1.uasset ********

Mesh SM_Cabinet_1 has 0 lods

******** Content/Office_Pack_Vol_1/Models/SM_Pen_Holder_1.uasset ********

Mesh SM_Pen_Holder_1 has 0 lods

******** Content/Office_Pack_Vol_1/Models/SM_Cabinet_2.uasset ********

Mesh SM_Cabinet_2 has 0 lods

******** Content/Office_Pack_Vol_1/Models/SM_Sign_Women_1.uasset ********

Mesh SM_Sign_Women_1 has 0 lods

******** Content/Office_Pack_Vol_1/Models/SM_Chair_1.uasset ********

Mesh SM_Chair_1 has 0 lods

******** Content/Office_Pack_Vol_1/Models/SM_Sign_man_1.uasset ********

Mesh SM_Sign_man_1 has 0 lods

******** Content/Office_Pack_Vol_1/Models/SM_Counter_1.uasset ********

Mesh SM_Counter_1 has 0 lods

******** Content/Office_Pack_Vol_1/Models/SM_Sink_1.uasset ********

Mesh SM_Sink_1 has 0 lods

******** Content/Office_Pack_Vol_1/Models/SM_Decoration_1.uasset ********

Mesh SM_Decoration_1 has 0 lods

******** Content/Office_Pack_Vol_1/Models/SM_Decoration_2.uasset ********

Mesh SM_Decoration_2 has 0 lods

******** Content/Office_Pack_Vol_1/Models/SM_Sofa_2.uasset ********

Mesh SM_Sofa_2 has 0 lods

******** Content/Office_Pack_Vol_1/Models/SM_Decoration_3.uasset ********

Mesh SM_Decoration_3 has 0 lods

******** Content/Office_Pack_Vol_1/Models/SM_Stair_1.uasset ********

Mesh SM_Stair_1 has 0 lods

******** Content/Office_Pack_Vol_1/Models/SM_Door_1_A.uasset ********

Mesh SM_Door_1_A has 0 lods

******** Content/Office_Pack_Vol_1/Models/SM_Door_Frame_1.uasset ********

Mesh SM_Door_Frame_1 has 0 lods

******** Content/Office_Pack_Vol_1/Models/SM_Elevator_1.uasset ********

Mesh SM_Elevator_1 has 0 lods

******** Content/Office_Pack_Vol_1/Models/SM_TV.uasset ********

Mesh SM_TV has 0 lods

******** Content/Office_Pack_Vol_1/Models/SM_Table_1.uasset ********

Mesh SM_Table_1 has 0 lods

******** Content/Office_Pack_Vol_1/Models/SM_Floor_1.uasset ********

Mesh SM_Floor_1 has 0 lods

******** Content/Office_Pack_Vol_1/Models/SM_Table_2.uasset ********

Mesh SM_Table_2 has 0 lods

******** Content/Office_Pack_Vol_1/Models/SM_Table_3.uasset ********

Mesh SM_Table_3 has 0 lods

******** Content/Office_Pack_Vol_1/Models/SM_Floor_2.uasset ********

Mesh SM_Floor_2 has 0 lods

******** Content/Office_Pack_Vol_1/Models/SM_Tower_1.uasset ********

Mesh SM_Tower_1 has 0 lods

******** Content/Office_Pack_Vol_1/Models/SM_Tower_2.uasset ********

Mesh SM_Tower_2 has 0 lods

******** Content/Office_Pack_Vol_1/Models/SM_Monitor_1.uasset ********

Mesh SM_Monitor_1 has 0 lods

******** Content/Office_Pack_Vol_1/Models/SM_Trash.uasset ********

Mesh SM_Trash has 0 lods

******** Content/Office_Pack_Vol_1/Models/SM_Wall_3.uasset ********

Mesh SM_Wall_3 has 0 lods

******** Content/Office_Pack_Vol_1/Models/SM_Pen_1.uasset ********

Mesh SM_Pen_1 has 0 lods

******** Content/Office_Pack_Vol_1/Models/SM_Wall_4.uasset ********

Mesh SM_Wall_4 has 0 lods

******** Content/Office_Pack_Vol_1/Models/SM_Pen_Holder_1.uasset ********

Mesh SM_Pen_Holder_1 has 0 lods

******** Content/Office_Pack_Vol_1/Models/SM_Wall_5.uasset ********

Mesh SM_Wall_5 has 0 lods

******** Content/Office_Pack_Vol_1/Models/SM_Wall_6.uasset ********

Mesh SM_Wall_6 has 0 lods

******** Content/Office_Pack_Vol_1/Models/SM_Sign_Women_1.uasset ********

Mesh SM_Sign_Women_1 has 0 lods

******** Content/Office_Pack_Vol_1/Models/SM_Wall_Full_1.uasset ********

Mesh SM_Wall_Full_1 has 0 lods

******** Content/Office_Pack_Vol_1/Models/SM_Sign_man_1.uasset ********

Mesh SM_Sign_man_1 has 0 lods

******** Content/Office_Pack_Vol_1/Models/SM_Wall_Full_2.uasset ********

Mesh SM_Wall_Full_2 has 0 lods

******** Content/Office_Pack_Vol_1/Models/SM_door_2.uasset ********

Mesh SM_door_2 has 0 lods

******** Content/Office_Pack_Vol_1/Models/SM_Sink_1.uasset ********

Mesh SM_Sink_1 has 0 lods

******** Content/Office_Pack_Vol_1/Models/SM_door_Frame_2.uasset ********

Mesh SM_door_Frame_2 has 0 lods

******** Content/Office_Pack_Vol_1/Models/SM_Sofa_2.uasset ********

Mesh SM_Sofa_2 has 0 lods

******** Content/Office_Pack_Vol_1/Models/SM_floor_3.uasset ********

Mesh SM_floor_3 has 0 lods

******** Content/Office_Pack_Vol_1/Models/SM_Stair_1.uasset ********

Mesh SM_Stair_1 has 0 lods

******** Content/Office_Pack_Vol_1/Models/SM_flower_pot_1.uasset ********

Mesh SM_flower_pot_1 has 0 lods

******** Content/Office_Pack_Vol_1/Models/SM_TV.uasset ********

Mesh SM_TV has 0 lods

******** Content/Office_Pack_Vol_1/Models/SM_Table_1.uasset ********

Mesh SM_Table_1 has 0 lods

******** Content/Office_Pack_Vol_1/Models/SM_glass_1.uasset ********

Mesh SM_glass_1 has 0 lods

******** Content/Office_Pack_Vol_1/Models/SM_lamp_2.uasset ********

Mesh SM_lamp_2 has 0 lods

******** Content/Office_Pack_Vol_1/Models/SM_Table_2.uasset ********

Mesh SM_Table_2 has 0 lods

******** Content/Office_Pack_Vol_1/Models/SM_Table_3.uasset ********

Mesh SM_Table_3 has 0 lods

******** Content/Office_Pack_Vol_1/Models/SM_mirror.uasset ********

Mesh SM_mirror has 0 lods

******** Content/Office_Pack_Vol_1/Models/SM_Tower_1.uasset ********

Mesh SM_Tower_1 has 0 lods

******** Content/Office_Pack_Vol_1/Models/SM_roof.uasset ********

Mesh SM_roof has 0 lods

******** Content/Office_Pack_Vol_1/Models/SM_Tower_2.uasset ********

Mesh SM_Tower_2 has 0 lods

******** Content/Office_Pack_Vol_1/Models/SM_towel_holder_1.uasset ********

Mesh SM_towel_holder_1 has 0 lods

******** Content/Office_Pack_Vol_1/Models/SM_Trash.uasset ********

Mesh SM_Trash has 0 lods

******** Content/Office_Pack_Vol_1/Models/SM_Wall_3.uasset ********

Mesh SM_Wall_3 has 0 lods

******** Content/Office_Pack_Vol_1/Models/SM_Wall_4.uasset ********

Mesh SM_Wall_4 has 0 lods

******** Content/Office_Pack_Vol_1/Models/SM_Wall_5.uasset ********

Mesh SM_Wall_5 has 0 lods

******** Content/Office_Pack_Vol_1/Models/SM_Wall_6.uasset ********

Mesh SM_Wall_6 has 0 lods

******** Content/Office_Pack_Vol_1/Models/SM_Wall_Full_1.uasset ********

Mesh SM_Wall_Full_1 has 0 lods

******** Content/Office_Pack_Vol_1/Models/SM_Wall_Full_2.uasset ********

Mesh SM_Wall_Full_2 has 0 lods

******** Content/Office_Pack_Vol_1/Models/SM_door_2.uasset ********

Mesh SM_door_2 has 0 lods

******** Content/Office_Pack_Vol_1/Models/SM_door_Frame_2.uasset ********

Mesh SM_door_Frame_2 has 0 lods

******** Content/Office_Pack_Vol_1/Models/SM_floor_3.uasset ********

Mesh SM_floor_3 has 0 lods

******** Content/Office_Pack_Vol_1/Models/SM_flower_pot_1.uasset ********

Mesh SM_flower_pot_1 has 0 lods

******** Content/Office_Pack_Vol_1/Models/SM_glass_1.uasset ********

Mesh SM_glass_1 has 0 lods

******** Content/Office_Pack_Vol_1/Models/SM_lamp_2.uasset ********

Mesh SM_lamp_2 has 0 lods

******** Content/Office_Pack_Vol_1/Models/SM_mirror.uasset ********

Mesh SM_mirror has 0 lods

******** Content/Office_Pack_Vol_1/Models/SM_roof.uasset ********

Mesh SM_roof has 0 lods

******** Content/Office_Pack_Vol_1/Models/SM_towel_holder_1.uasset ********

Mesh SM_towel_holder_1 has 0 lods

******** Content/Office_Pack_Vol_1/Models/SM_Bar_1.uasset ********

Mesh SM_Bar_1 has 0 lods

******** Content/Office_Pack_Vol_1/Models/SM_Bar_2.uasset ********

Mesh SM_Bar_2 has 0 lods

******** Content/Office_Pack_Vol_1/Models/SM_Bench_1.uasset ********

Mesh SM_Bench_1 has 0 lods

******** Content/Office_Pack_Vol_1/Models/SM_Cabin_1.uasset ********

Mesh SM_Cabin_1 has 0 lods

******** Content/Office_Pack_Vol_1/Models/SM_Cabin_Door_1.uasset ********

Mesh SM_Cabin_Door_1 has 0 lods

******** Content/Office_Pack_Vol_1/Models/SM_Cabinet_1.uasset ********

Mesh SM_Cabinet_1 has 0 lods

******** Content/Office_Pack_Vol_1/Models/SM_Cabinet_2.uasset ********

Mesh SM_Cabinet_2 has 0 lods

******** Content/Office_Pack_Vol_1/Models/SM_Chair_1.uasset ********

Mesh SM_Chair_1 has 0 lods

******** Content/Office_Pack_Vol_1/Models/SM_Counter_1.uasset ********

Mesh SM_Counter_1 has 0 lods

******** Content/Office_Pack_Vol_1/Models/SM_Decoration_1.uasset ********

Mesh SM_Decoration_1 has 0 lods

******** Content/Office_Pack_Vol_1/Models/SM_Decoration_2.uasset ********

Mesh SM_Decoration_2 has 0 lods

******** Content/Office_Pack_Vol_1/Models/SM_Decoration_3.uasset ********

Mesh SM_Decoration_3 has 0 lods

******** Content/Office_Pack_Vol_1/Models/SM_Door_1_A.uasset ********

Mesh SM_Door_1_A has 0 lods

******** Content/Office_Pack_Vol_1/Models/SM_Door_Frame_1.uasset ********

Mesh SM_Door_Frame_1 has 0 lods

******** Content/Office_Pack_Vol_1/Models/SM_Elevator_1.uasset ********

Mesh SM_Elevator_1 has 0 lods

******** Content/Office_Pack_Vol_1/Models/SM_Floor_1.uasset ********

Mesh SM_Floor_1 has 0 lods

******** Content/Office_Pack_Vol_1/Models/SM_Floor_2.uasset ********

Mesh SM_Floor_2 has 0 lods

******** Content/Office_Pack_Vol_1/Models/SM_Monitor_1.uasset ********

Mesh SM_Monitor_1 has 0 lods

******** Content/Office_Pack_Vol_1/Models/SM_Pen_1.uasset ********

Mesh SM_Pen_1 has 0 lods

******** Content/Office_Pack_Vol_1/Models/SM_Pen_Holder_1.uasset ********

Mesh SM_Pen_Holder_1 has 0 lods

******** Content/Office_Pack_Vol_1/Models/SM_Sign_Women_1.uasset ********

Mesh SM_Sign_Women_1 has 0 lods

******** Content/Office_Pack_Vol_1/Models/SM_Sign_man_1.uasset ********

Mesh SM_Sign_man_1 has 0 lods

******** Content/Office_Pack_Vol_1/Models/SM_Sink_1.uasset ********

Mesh SM_Sink_1 has 0 lods

******** Content/Office_Pack_Vol_1/Models/SM_Sofa_2.uasset ********

Mesh SM_Sofa_2 has 0 lods

******** Content/Office_Pack_Vol_1/Models/SM_Stair_1.uasset ********

Mesh SM_Stair_1 has 0 lods

******** Content/Office_Pack_Vol_1/Models/SM_TV.uasset ********

Mesh SM_TV has 0 lods

******** Content/Office_Pack_Vol_1/Models/SM_Table_1.uasset ********

Mesh SM_Table_1 has 0 lods

******** Content/Office_Pack_Vol_1/Models/SM_Table_2.uasset ********

Mesh SM_Table_2 has 0 lods

******** Content/Office_Pack_Vol_1/Models/SM_Table_3.uasset ********

Mesh SM_Table_3 has 0 lods

******** Content/Office_Pack_Vol_1/Models/SM_Tower_1.uasset ********

Mesh SM_Tower_1 has 0 lods

******** Content/Office_Pack_Vol_1/Models/SM_Tower_2.uasset ********

Mesh SM_Tower_2 has 0 lods

******** Content/Office_Pack_Vol_1/Models/SM_Trash.uasset ********

Mesh SM_Trash has 0 lods

******** Content/Office_Pack_Vol_1/Models/SM_Wall_3.uasset ********

Mesh SM_Wall_3 has 0 lods

******** Content/Office_Pack_Vol_1/Models/SM_Wall_4.uasset ********

Mesh SM_Wall_4 has 0 lods

******** Content/Office_Pack_Vol_1/Models/SM_Wall_5.uasset ********

Mesh SM_Wall_5 has 0 lods

******** Content/Office_Pack_Vol_1/Models/SM_Wall_6.uasset ********

Mesh SM_Wall_6 has 0 lods

******** Content/Office_Pack_Vol_1/Models/SM_Wall_Full_1.uasset ********

Mesh SM_Wall_Full_1 has 0 lods

******** Content/Office_Pack_Vol_1/Models/SM_Wall_Full_2.uasset ********

Mesh SM_Wall_Full_2 has 0 lods

******** Content/Office_Pack_Vol_1/Models/SM_door_2.uasset ********

Mesh SM_door_2 has 0 lods

******** Content/Office_Pack_Vol_1/Models/SM_door_Frame_2.uasset ********

Mesh SM_door_Frame_2 has 0 lods

******** Content/Office_Pack_Vol_1/Models/SM_floor_3.uasset ********

Mesh SM_floor_3 has 0 lods

******** Content/Office_Pack_Vol_1/Models/SM_flower_pot_1.uasset ********

Mesh SM_flower_pot_1 has 0 lods

******** Content/Office_Pack_Vol_1/Models/SM_glass_1.uasset ********

Mesh SM_glass_1 has 0 lods

******** Content/Office_Pack_Vol_1/Models/SM_lamp_2.uasset ********

Mesh SM_lamp_2 has 0 lods

******** Content/Office_Pack_Vol_1/Models/SM_mirror.uasset ********

Mesh SM_mirror has 0 lods

******** Content/Office_Pack_Vol_1/Models/SM_roof.uasset ********

Mesh SM_roof has 0 lods

******** Content/Office_Pack_Vol_1/Models/SM_towel_holder_1.uasset ********

Mesh SM_towel_holder_1 has 0 lods

******** Content/Office_Pack_Vol_1/Models/SM_Sofa_2.uasset ********

Mesh SM_Sofa_2 has 0 lods

******** Content/Office_Pack_Vol_1/Models/SM_Table_1.uasset ********

Mesh SM_Table_1 has 0 lods

******** Content/Office_Pack_Vol_1/Blueprint/BP_Light_1 ********

ERROR: UE4 LegacyVersion: unsupported value -8
FPackageFileSummary::Serialize4 <- FPackageFileSummary<<: Ver=0/0 <- UnPackage::UnPackage: Content/Office_Pack_Vol_1/Blueprint/BP_Light_1.uasset, ver=100000/0, game=ue4.0 <- UnPackage::LoadPackage(info): Content/Office_Pack_Vol_1/Blueprint/BP_Light_1.uasset <- Main: umodel_build=1


******** Content/Office_Pack_Vol_1/Maps/DemoMap ********

ERROR: UE4 LegacyVersion: unsupported value -9
FPackageFileSummary::Serialize4 <- FPackageFileSummary<<: Ver=0/0 <- UnPackage::UnPackage: Content/Office_Pack_Vol_1/Maps/DemoMap.umap, ver=100000/0, game=ue4.0 <- UnPackage::LoadPackage(info): Content/Office_Pack_Vol_1/Maps/DemoMap.umap <- Main: umodel_build=1


******** Content/Office_Pack_Vol_1/Maps/Preview ********

ERROR: UE4 LegacyVersion: unsupported value -9
FPackageFileSummary::Serialize4 <- FPackageFileSummary<<: Ver=0/0 <- UnPackage::UnPackage: Content/Office_Pack_Vol_1/Maps/Preview.umap, ver=100000/0, game=ue4.0 <- UnPackage::LoadPackage(info): Content/Office_Pack_Vol_1/Maps/Preview.umap <- Main: umodel_build=1


******** Content/Office_Pack_Vol_1/Models/SM_Bar_1.uasset ********

Mesh SM_Bar_1 has 0 lods

******** Content/Office_Pack_Vol_1/Models/SM_Bar_2.uasset ********

Mesh SM_Bar_2 has 0 lods

******** Content/Office_Pack_Vol_1/Models/SM_Bench_1.uasset ********

Mesh SM_Bench_1 has 0 lods

******** Content/Office_Pack_Vol_1/Models/SM_Cabin_1.uasset ********

Mesh SM_Cabin_1 has 0 lods

******** Content/Office_Pack_Vol_1/Models/SM_Cabin_Door_1.uasset ********

Mesh SM_Cabin_Door_1 has 0 lods

******** Content/Office_Pack_Vol_1/Models/SM_Cabinet_1.uasset ********

Mesh SM_Cabinet_1 has 0 lods

******** Content/Office_Pack_Vol_1/Models/SM_Cabinet_2.uasset ********

Mesh SM_Cabinet_2 has 0 lods

******** Content/Office_Pack_Vol_1/Models/SM_Chair_1.uasset ********

Mesh SM_Chair_1 has 0 lods

******** Content/Office_Pack_Vol_1/Models/SM_Counter_1.uasset ********

Mesh SM_Counter_1 has 0 lods

******** Content/Office_Pack_Vol_1/Models/SM_Decoration_1.uasset ********

Mesh SM_Decoration_1 has 0 lods

******** Content/Office_Pack_Vol_1/Models/SM_Decoration_2.uasset ********

Mesh SM_Decoration_2 has 0 lods

******** Content/Office_Pack_Vol_1/Models/SM_Decoration_3.uasset ********

Mesh SM_Decoration_3 has 0 lods

******** Content/Office_Pack_Vol_1/Models/SM_Door_1_A.uasset ********

Mesh SM_Door_1_A has 0 lods

******** Content/Office_Pack_Vol_1/Models/SM_Door_Frame_1.uasset ********

Mesh SM_Door_Frame_1 has 0 lods

******** Content/Office_Pack_Vol_1/Models/SM_Elevator_1.uasset ********

Mesh SM_Elevator_1 has 0 lods

******** Content/Office_Pack_Vol_1/Models/SM_Floor_1.uasset ********

Mesh SM_Floor_1 has 0 lods

******** Content/Office_Pack_Vol_1/Models/SM_Floor_2.uasset ********

Mesh SM_Floor_2 has 0 lods

******** Content/Office_Pack_Vol_1/Models/SM_Monitor_1.uasset ********

Mesh SM_Monitor_1 has 0 lods

******** Content/Office_Pack_Vol_1/Models/SM_Pen_1.uasset ********

Mesh SM_Pen_1 has 0 lods

******** Content/Office_Pack_Vol_1/Models/SM_Pen_Holder_1.uasset ********

Mesh SM_Pen_Holder_1 has 0 lods

******** Content/Office_Pack_Vol_1/Models/SM_Sign_Women_1.uasset ********

Mesh SM_Sign_Women_1 has 0 lods

******** Content/Office_Pack_Vol_1/Models/SM_Sign_man_1.uasset ********

Mesh SM_Sign_man_1 has 0 lods

******** Content/Office_Pack_Vol_1/Models/SM_Sink_1.uasset ********

Mesh SM_Sink_1 has 0 lods

******** Content/Office_Pack_Vol_1/Models/SM_Sofa_2.uasset ********

Mesh SM_Sofa_2 has 0 lods

******** Content/Office_Pack_Vol_1/Models/SM_Stair_1.uasset ********

Mesh SM_Stair_1 has 0 lods

******** Content/Office_Pack_Vol_1/Models/SM_TV.uasset ********

Mesh SM_TV has 0 lods

******** Content/Office_Pack_Vol_1/Models/SM_Table_1.uasset ********

Mesh SM_Table_1 has 0 lods

******** Content/Office_Pack_Vol_1/Models/SM_Table_2.uasset ********

Mesh SM_Table_2 has 0 lods

******** Content/Office_Pack_Vol_1/Models/SM_Table_3.uasset ********

Mesh SM_Table_3 has 0 lods

******** Content/Office_Pack_Vol_1/Models/SM_Tower_1.uasset ********

Mesh SM_Tower_1 has 0 lods

******** Content/Office_Pack_Vol_1/Models/SM_Tower_2.uasset ********

Mesh SM_Tower_2 has 0 lods

******** Content/Office_Pack_Vol_1/Models/SM_Trash.uasset ********

Mesh SM_Trash has 0 lods

******** Content/Office_Pack_Vol_1/Models/SM_Wall_3.uasset ********

Mesh SM_Wall_3 has 0 lods

******** Content/Office_Pack_Vol_1/Models/SM_Wall_4.uasset ********

Mesh SM_Wall_4 has 0 lods

******** Content/Office_Pack_Vol_1/Models/SM_Wall_5.uasset ********

Mesh SM_Wall_5 has 0 lods

******** Content/Office_Pack_Vol_1/Models/SM_Wall_6.uasset ********

Mesh SM_Wall_6 has 0 lods

******** Content/Office_Pack_Vol_1/Models/SM_Wall_Full_1.uasset ********

Mesh SM_Wall_Full_1 has 0 lods

******** Content/Office_Pack_Vol_1/Models/SM_Wall_Full_2.uasset ********

Mesh SM_Wall_Full_2 has 0 lods

******** Content/Office_Pack_Vol_1/Models/SM_door_2.uasset ********

Mesh SM_door_2 has 0 lods

******** Content/Office_Pack_Vol_1/Models/SM_door_Frame_2.uasset ********

Mesh SM_door_Frame_2 has 0 lods

******** Content/Office_Pack_Vol_1/Models/SM_floor_3.uasset ********

Mesh SM_floor_3 has 0 lods

******** Content/Office_Pack_Vol_1/Models/SM_flower_pot_1.uasset ********

Mesh SM_flower_pot_1 has 0 lods

******** Content/Office_Pack_Vol_1/Models/SM_glass_1.uasset ********

Mesh SM_glass_1 has 0 lods

******** Content/Office_Pack_Vol_1/Models/SM_lamp_2.uasset ********

Mesh SM_lamp_2 has 0 lods

******** Content/Office_Pack_Vol_1/Models/SM_mirror.uasset ********

Mesh SM_mirror has 0 lods

******** Content/Office_Pack_Vol_1/Models/SM_roof.uasset ********

Mesh SM_roof has 0 lods

******** Content/Office_Pack_Vol_1/Models/SM_towel_holder_1.uasset ********

Mesh SM_towel_holder_1 has 0 lods

******** Content/Office_Pack_Vol_1/Models/SM_Bar_1.uasset ********

Mesh SM_Bar_1 has 0 lods

******** Content/Office_Pack_Vol_1/Models/SM_Bar_2.uasset ********

Mesh SM_Bar_2 has 0 lods

******** Content/Office_Pack_Vol_1/Models/SM_Bench_1.uasset ********

Mesh SM_Bench_1 has 0 lods

******** Content/Office_Pack_Vol_1/Models/SM_Counter_1.uasset ********

Mesh SM_Counter_1 has 0 lods

******** Content/Office_Pack_Vol_1/Models/SM_Decoration_1.uasset ********

Mesh SM_Decoration_1 has 0 lods

******** Content/Office_Pack_Vol_1/Models/SM_Door_1_A.uasset ********

Mesh SM_Door_1_A has 0 lods

******** Content/Office_Pack_Vol_1/Models/SM_Door_Frame_1.uasset ********

Mesh SM_Door_Frame_1 has 0 lods

******** Content/Office_Pack_Vol_1/Models/SM_Elevator_1.uasset ********

Mesh SM_Elevator_1 has 0 lods

******** Content/Office_Pack_Vol_1/Models/SM_Monitor_1.uasset ********

Mesh SM_Monitor_1 has 0 lods

******** Content/Office_Pack_Vol_1/Models/SM_Sofa_2.uasset ********

Mesh SM_Sofa_2 has 0 lods

******** Content/Office_Pack_Vol_1/Models/SM_Table_2.uasset ********

Mesh SM_Table_2 has 0 lods

******** Content/Office_Pack_Vol_1/Models/SM_Table_3.uasset ********

Mesh SM_Table_3 has 0 lods

******** Content/Office_Pack_Vol_1/Models/SM_Trash.uasset ********

Mesh SM_Trash has 0 lods

******** Content/Office_Pack_Vol_1/Models/SM_flower_pot_1.uasset ********

Mesh SM_flower_pot_1 has 0 lods

******** Content/Office_Pack_Vol_1/Models/SM_lamp_2.uasset ********

Mesh SM_lamp_2 has 0 lods
